./src/ap.c
./src/arena.c
./src/arith.c
./src/array.c
./src/assert.c
./src/atom.c
./src/bit.c
./src/chan.c
./src/except.c
./src/fmt.c
./src/list.c
./src/mem.c
./src/memcmp.c
./src/memmove.c
./src/mp.c
./src/ring.c
./src/seq.c
./src/set.c
./src/stack.c
./src/str.c
./src/strerror.c
./src/strncmp.c
./src/table.c
./src/text.c
./src/xp.c
./src/thread.c
./src/swtch.s
./src/memchk.c
./src/makefile
./calc/calc.c
./cref/cref.c
./cref/getword.h
./cref/getword.c
./cref/integer.h
./cref/integer.c
./double/double.c
./idents/idents.c
./ids/ids.c
./iref/iref.c
./iref/getword.h
./iref/getword.c
./kref/kref.c
./kref/getword.h
./kref/getword.c
./mpcalc/mpcalc.c
./sieve/sieve.c
./sort/sort.c
./spin/spin.c
./wf/wf.c
./wf/getword.h
./wf/getword.c
./words/words.c
./xref/xref.c
./xref/getword.h
./xref/getword.c
./include/ap.h
./include/arena.h
./include/arith.h
./include/array.h
./include/arrayrep.h
./include/assert.h
./include/atom.h
./include/bit.h
./include/chan.h
./include/except.h
./include/fmt.h
./include/list.h
./include/mem.h
./include/mp.h
./include/ring.h
./include/sem.h
./include/seq.h
./include/set.h
./include/stack.h
./include/str.h
./include/table.h
./include/text.h
./include/thread.h
./include/xp.h
./README
./CPYRIGHT
./packing.lst
./history.txt
