CPYRIGHT
README
history.html
install.html
makefile
makefile.nt
src/ap.c
src/arena.c
src/arith.c
src/array.c
src/assert.c
src/atom.c
src/bit.c
src/chan.c
src/except.c
src/fmt.c
src/libcii.def
src/list.c
src/mem.c
src/memchk.c
src/memcmp.c
src/memmove.c
src/mp.c
src/ring.c
src/seq.c
src/set.c
src/stack.c
src/str.c
src/strerror.c
src/strncmp.c
src/swtch.s
src/table.c
src/text.c
src/thread-nt.c
src/thread.c
src/xp.c
include/ap.h
include/arena.h
include/arith.h
include/array.h
include/arrayrep.h
include/assert.h
include/atom.h
include/bit.h
include/chan.h
include/except.h
include/fmt.h
include/list.h
include/mem.h
include/mp.h
include/ring.h
include/sem.h
include/seq.h
include/set.h
include/stack.h
include/str.h
include/table.h
include/text.h
include/thread.h
include/xp.h
examples/basename.c
examples/calc.c
examples/cref.c
examples/double.c
examples/getword.c
examples/getword.h
examples/idents.c
examples/ids.c
examples/integer.c
examples/integer.h
examples/iref.c
examples/kref.c
examples/mpcalc.c
examples/sieve.c
examples/sort.c
examples/spin.c
examples/wf.c
examples/words.c
examples/xref.c
custom.mk
packing.lst
